To run a command as administrator (user "root"), use "sudo <command>".
See "man sudo_root" for details.

didi@didi-Inspiron-3531:~$ python3 --version
Python 3.4.3
didi@didi-Inspiron-3531:~$ mkdir djangogirls
didi@didi-Inspiron-3531:~$ cd djangogirls
didi@didi-Inspiron-3531:~/djangogirls$ python3 -m venv myvenv
Error: Command '['/home/didi/djangogirls/myvenv/bin/python3', '-Im', 'ensurepip', '--upgrade', '--default-pip']' returned non-zero didi@didi-Inspiron-3531:~/djangogirls$ sudo apt-get install python-virtualenv
[sudo] password for didi: 
Reading package lists... Done
Building dependency tree       
Reading state information... Done
The following extra packages will be installed:
  python-chardet-whl python-colorama-whl python-distlib-whl python-html5lib-whl python-pip-whl python-requests-whl
  python-setuptools-whl python-six-whl python-urllib3-whl python3-virtualenv virtualenv
The following NEW packages will be installed:
  python-chardet-whl python-colorama-whl python-distlib-whl python-html5lib-whl python-pip-whl python-requests-whl
  python-setuptools-whl python-six-whl python-urllib3-whl python-virtualenv python3-virtualenv virtualenv
0 upgraded, 12 newly installed, 0 to remove and 0 not upgraded.
Need to get 1,177 kB of archives.
After this operation, 1,846 kB of additional disk space will be used.
Do you want to continue? [Y/n] y
Get:1 http://de.archive.ubuntu.com/ubuntu/ vivid/universe python-chardet-whl all 2.3.0-1 [170 kB]
Get:2 http://de.archive.ubuntu.com/ubuntu/ vivid/universe python-colorama-whl all 0.3.2-1 [20.2 kB]
Get:3 http://de.archive.ubuntu.com/ubuntu/ vivid/universe python-distlib-whl all 0.1.9-1 [141 kB]
Get:4 http://de.archive.ubuntu.com/ubuntu/ vivid/universe python-html5lib-whl all 0.999-3 [109 kB]
Get:5 http://de.archive.ubuntu.com/ubuntu/ vivid/universe python-six-whl all 1.9.0-1 [12.7 kB]
Get:6 http://de.archive.ubuntu.com/ubuntu/ vivid/universe python-urllib3-whl all 1.9.1-3 [70.6 kB]
Get:7 http://de.archive.ubuntu.com/ubuntu/ vivid/universe python-requests-whl all 2.4.3-6 [231 kB]
Get:8 http://de.archive.ubuntu.com/ubuntu/ vivid/universe python-setuptools-whl all 12.2-1 [204 kB]
Get:9 http://de.archive.ubuntu.com/ubuntu/ vivid/universe python-pip-whl all 1.5.6-5ubuntu2 [112 kB]
Get:10 http://de.archive.ubuntu.com/ubuntu/ vivid/universe python-virtualenv all 1.11.6+ds-1 [50.9 kB]                            
Get:11 http://de.archive.ubuntu.com/ubuntu/ vivid/universe python3-virtualenv all 1.11.6+ds-1 [50.2 kB]                           
Get:12 http://de.archive.ubuntu.com/ubuntu/ vivid/universe virtualenv all 1.11.6+ds-1 [4,396 B]                                   
Fetched 1,177 kB in 7s (162 kB/s)                                                                                                 
Selecting previously unselected package python-chardet-whl.
(Reading database ... 182613 files and directories currently installed.)
Preparing to unpack .../python-chardet-whl_2.3.0-1_all.deb ...
Unpacking python-chardet-whl (2.3.0-1) ...
Selecting previously unselected package python-colorama-whl.
Preparing to unpack .../python-colorama-whl_0.3.2-1_all.deb ...
Unpacking python-colorama-whl (0.3.2-1) ...
Selecting previously unselected package python-distlib-whl.
Preparing to unpack .../python-distlib-whl_0.1.9-1_all.deb ...
Unpacking python-distlib-whl (0.1.9-1) ...
Selecting previously unselected package python-html5lib-whl.
Preparing to unpack .../python-html5lib-whl_0.999-3_all.deb ...
Unpacking python-html5lib-whl (0.999-3) ...
Selecting previously unselected package python-six-whl.
Preparing to unpack .../python-six-whl_1.9.0-1_all.deb ...
Unpacking python-six-whl (1.9.0-1) ...
Selecting previously unselected package python-urllib3-whl.
Preparing to unpack .../python-urllib3-whl_1.9.1-3_all.deb ...
Unpacking python-urllib3-whl (1.9.1-3) ...
Selecting previously unselected package python-requests-whl.
Preparing to unpack .../python-requests-whl_2.4.3-6_all.deb ...
Unpacking python-requests-whl (2.4.3-6) ...
Selecting previously unselected package python-setuptools-whl.
Preparing to unpack .../python-setuptools-whl_12.2-1_all.deb ...
Unpacking python-setuptools-whl (12.2-1) ...
Selecting previously unselected package python-pip-whl.
Preparing to unpack .../python-pip-whl_1.5.6-5ubuntu2_all.deb ...
Unpacking python-pip-whl (1.5.6-5ubuntu2) ...
Selecting previously unselected package python-virtualenv.
Preparing to unpack .../python-virtualenv_1.11.6+ds-1_all.deb ...
Unpacking python-virtualenv (1.11.6+ds-1) ...
Selecting previously unselected package python3-virtualenv.
Preparing to unpack .../python3-virtualenv_1.11.6+ds-1_all.deb ...
Unpacking python3-virtualenv (1.11.6+ds-1) ...
Selecting previously unselected package virtualenv.
Preparing to unpack .../virtualenv_1.11.6+ds-1_all.deb ...
Unpacking virtualenv (1.11.6+ds-1) ...
Processing triggers for man-db (2.7.0.2-5) ...
Setting up python-chardet-whl (2.3.0-1) ...
Setting up python-colorama-whl (0.3.2-1) ...
Setting up python-distlib-whl (0.1.9-1) ...
Setting up python-html5lib-whl (0.999-3) ...
Setting up python-six-whl (1.9.0-1) ...
Setting up python-urllib3-whl (1.9.1-3) ...
Setting up python-requests-whl (2.4.3-6) ...
Setting up python-setuptools-whl (12.2-1) ...
Setting up python-pip-whl (1.5.6-5ubuntu2) ...
Setting up python-virtualenv (1.11.6+ds-1) ...
Setting up python3-virtualenv (1.11.6+ds-1) ...
Setting up virtualenv (1.11.6+ds-1) ...
didi@didi-Inspiron-3531:~/djangogirls$ virtualenv --python=python3.4 myvenv
Running virtualenv with interpreter /usr/bin/python3.4
Using base prefix '/usr'
New python executable in myvenv/bin/python3.4
Not overwriting existing python script myvenv/bin/python (you must use myvenv/bin/python3.4)
Installing setuptools, pip...done.
didi@didi-Inspiron-3531:~/djangogirls$ source myvenv/bin/activate
(myvenv)didi@didi-Inspiron-3531:~/djangogirls$ pip install django==1.8
Downloading/unpacking django==1.8
  Downloading Django-1.8-py2.py3-none-any.whl (6.2MB): 6.2MB downloaded
Installing collected packages: django
Successfully installed django
Cleaning up...
(myvenv)didi@didi-Inspiron-3531:~/djangogirls$ decativate
decativate: command not found
(myvenv)didi@didi-Inspiron-3531:~/djangogirls$ deactivate
didi@didi-Inspiron-3531:~/djangogirls$ virtualenv --python=python3.4 djg
Running virtualenv with interpreter /usr/bin/python3.4
Using base prefix '/usr'
New python executable in djg/bin/python3.4
Also creating executable in djg/bin/python
Installing setuptools, pip...done.
didi@didi-Inspiron-3531:~/djangogirls$ source djg/bin/activate
(djg)didi@didi-Inspiron-3531:~/djangogirls$ pip install django==1.8
Downloading/unpacking django==1.8
  Downloading Django-1.8-py2.py3-none-any.whl (6.2MB): 6.2MB downloaded
Installing collected packages: django
Successfully installed django
Cleaning up...
(djg)didi@didi-Inspiron-3531:~/djangogirls$ 

